command: kubectl exec ds4-rust-port-b300 -- DS4_TEST_MODEL=/workspace/ds4/ds4flash.gguf DS4_TEST_VECTOR_FILE=tests/test-vectors/official.vec ./ds4_test --logprob-vectors
context: hou2-prod1
namespace: default
pod: ds4-rust-port-b300
node: c1v17-b300n1-nic1
source_commit: 9e35378f7f759fb63d3591641d6e9b65a9f0672b
model_sha256: efc7ed607ff27076e3e501fc3fefefa33c0ed8cf1eff483a2b7fdc0c2e616668
model_size_bytes: 86720111488
started_utc: 2026-05-22T01:35:15Z
logprob-vectors:
ds4: CUDA backend initialized on NVIDIA B300 SXM6 AC (sm_103)
ds4: CUDA host registration skipped: operation not supported
ds4: CUDA loading model tensors into device cache
ds4: CUDA loading model tensors 16.02 GiB cached
ds4: CUDA loading model tensors 32.06 GiB cached
ds4: CUDA loading model tensors 48.02 GiB cached
ds4: CUDA loading model tensors 64.06 GiB cached
ds4: CUDA loading model tensors 80.04 GiB cached
ds4: CUDA startup model cache prepared 80.76 GiB of tensor spans in 18.187s
ds4: cuda backend initialized for graph diagnostics
ds4-test: vector short_italian_fact
ds4-test: vector short_code_completion
ds4-test: vector short_reasoning_plain
ds4-test: vector long_memory_archive skipped (API/official graph mismatch)
ds4-test: vector long_code_audit
logprob-vectors: OK
ds4 tests: ok
finished_utc: 2026-05-22T01:35:50Z
exit_status: 0
