ds4: CUDA backend initialized on NVIDIA B300 SXM6 AC (sm_103)
ds4: CUDA host registration skipped: operation not supported
ds4: CUDA loading model tensors into device cache
ds4: CUDA loading model tensors 16.02 GiB cached
ds4: CUDA loading model tensors 32.06 GiB cached
ds4: CUDA loading model tensors 48.02 GiB cached
ds4: CUDA loading model tensors 64.06 GiB cached
ds4: CUDA loading model tensors 80.04 GiB cached
ds4: CUDA startup model cache prepared 80.76 GiB of tensor spans in 13.254s
ds4: cuda backend initialized for graph diagnostics
0522 02:38:49 ds4-server: context buffers 751.71 MiB (ctx=32768, backend=cuda, prefill_chunk=2048, raw_kv_rows=2304, compressed_kv_rows=8194)
0522 02:38:49 ds4-server: KV disk cache ds4-parity/baselines/kv-artifacts/m0.5/kv (budget=512 MiB, cross-quant=accept, min=512, cold_max=30000, continued=0, trim=32, align=2048, hit_half_life=21600s)
0522 02:38:49 ds4-server: tracing session to ds4-parity/baselines/kv-artifacts/m0.5/traces/server-c.trace
0522 02:38:49 ds4-server: listening on http://127.0.0.1:18088
0522 02:38:49 ds4-server: kv cache hit text tokens=552 text=2528 quant=2 key=token-text load=50.9 ms file=ds4-parity/baselines/kv-artifacts/m0.5/kv/a0cac6ff193696ccb5d7e9ae151d7255d39cf161.kv
0522 02:38:49 ds4-server: chat ctx=552..561:9 prompt start
0522 02:38:50 ds4-server: chat ctx=552..561:9 prefill chunk 0/9 (0.0%) chunk=0.00 t/s avg=0.00 t/s 0.145s
0522 02:38:50 ds4-server: chat ctx=552..561:9 prefill chunk 9/9 (100.0%) chunk=85.72 t/s avg=36.02 t/s 0.250s
0522 02:38:50 ds4-server: chat ctx=552..561:9 prompt done 0.250s
0522 02:38:50 ds4-server: chat ctx=561..563:2 gen=2 decoding chunk=42.25 t/s avg=42.25 t/s 0.047s
0522 02:38:50 ds4-server: chat ctx=552..561:9 gen=2 finish=stop 0.298s
0522 02:38:50 ds4-server: shutdown requested, draining requests
0522 02:38:50 ds4-server: persisting current KV cache before shutdown tokens=563
0522 02:38:50 ds4-server: kv cache stored tokens=563 trimmed=0 reason=shutdown key=token-text size=30.22 MiB save=111.2 ms
