ds4: CUDA backend initialized on NVIDIA B300 SXM6 AC (sm_103)
ds4: CUDA host registration skipped: operation not supported
ds4: CUDA loading model tensors into device cache
ds4: CUDA loading model tensors 16.02 GiB cached
ds4: CUDA loading model tensors 32.06 GiB cached
ds4: CUDA loading model tensors 48.02 GiB cached
ds4: CUDA loading model tensors 64.06 GiB cached
ds4: CUDA loading model tensors 80.04 GiB cached
ds4: CUDA startup model cache prepared 80.76 GiB of tensor spans in 13.448s
ds4: cuda backend initialized for graph diagnostics
0522 02:38:34 ds4-server: context buffers 751.71 MiB (ctx=32768, backend=cuda, prefill_chunk=2048, raw_kv_rows=2304, compressed_kv_rows=8194)
0522 02:38:34 ds4-server: KV disk cache ds4-parity/baselines/kv-artifacts/m0.5/kv (budget=512 MiB, cross-quant=accept, min=512, cold_max=30000, continued=0, trim=32, align=2048, hit_half_life=21600s)
0522 02:38:34 ds4-server: tracing session to ds4-parity/baselines/kv-artifacts/m0.5/traces/server-b.trace
0522 02:38:34 ds4-server: listening on http://127.0.0.1:18087
0522 02:38:34 ds4-server: kv cache hit text tokens=550 text=2520 quant=2 key=token-text load=50.7 ms file=ds4-parity/baselines/kv-artifacts/m0.5/kv/0ab2314538b11686a11e296b7f697651fbd17e60.kv
0522 02:38:34 ds4-server: chat ctx=550..550:0 prompt start
0522 02:38:34 ds4-server: chat ctx=550..550:0 prompt done 0.000s
0522 02:38:34 ds4-server: chat ctx=550..552:2 gen=2 decoding chunk=41.87 t/s avg=41.87 t/s 0.048s
0522 02:38:34 ds4-server: chat ctx=550..550:0 gen=2 finish=length 0.048s
0522 02:38:35 ds4-server: shutdown requested, draining requests
0522 02:38:35 ds4-server: persisting current KV cache before shutdown tokens=552
